{
   "describedBy": "https://raw.githubusercontent.com/AllenNeuralDynamics/aind-data-schema/main/src/aind_data_schema/core/rig.py",
   "schema_version": "0.2.0",
   "rig_id": "NP.2_0.1.0",
   "modification_date": "2024-01-24",
   "mouse_platform": {
      "device_type": "Disc",
      "name": null,
      "serial_number": null,
      "manufacturer": null,
      "model": null,
      "path_to_cad": null,
      "notes": null,
      "surface_material": null,
      "date_surface_replaced": null,
      "radius": "4.69",
      "radius_unit": "centimeter",
      "output": null,
      "encoder": null,
      "decoder": null,
      "encoder_firmware": null
   },
   "stimulus_devices": [
      {
         "device_type": "Monitor",
         "name": "Stim",
         "serial_number": null,
         "manufacturer": {
            "name": "ASUS",
            "abbreviation": null,
            "registry": {
               "name": "Research Organization Registry",
               "abbreviation": "ROR"
            },
            "registry_identifier": "00bxkz165"
         },
         "model": "PA248",
         "path_to_cad": null,
         "notes": null,
         "refresh_rate": 60,
         "width": 1920,
         "height": 1200,
         "size_unit": "pixel",
         "viewing_distance": "15.3",
         "viewing_distance_unit": "centimeter",
         "position": null,
         "contrast": null,
         "brightness": null
      },
      {
         "device_type": "Speaker",
         "name": "Speaker",
         "serial_number": null,
         "manufacturer": {
            "name": "ISL Products International",
            "abbreviation": "ISL",
            "registry": null,
            "registry_identifier": null
         },
         "model": "SPK-I-81345",
         "path_to_cad": null,
         "notes": null,
         "position": null
      }
   ],
   "cameras": [
      {
         "camera_assembly_name": "Face forward",
         "camera_target": "Face forward",
         "camera": {
            "device_type": "Camera",
            "name": "Face forward",
            "serial_number": null,
            "manufacturer": {
               "name": "Allied",
               "abbreviation": null,
               "registry": null,
               "registry_identifier": null
            },
            "model": "G-032",
            "path_to_cad": null,
            "notes": "Max frame rate is at maximum resolution.",
            "data_interface": "Ethernet",
            "computer_name": "127.0.0.1",
            "max_frame_rate": "102",
            "frame_rate_unit": "hertz",
            "pixel_width": 7400,
            "pixel_height": 7400,
            "size_unit": "nanometer",
            "chroma": "Monochrome",
            "sensor_format": null,
            "format_unit": null,
            "recording_software": null,
            "driver": null,
            "driver_version": null
         },
         "lens": {
            "device_type": "Lens",
            "name": null,
            "serial_number": null,
            "manufacturer": {
               "name": "Edmund Optics",
               "abbreviation": null,
               "registry": {
                  "name": "Research Organization Registry",
                  "abbreviation": "ROR"
               },
               "registry_identifier": "01j1gwp17"
            },
            "model": "86604",
            "path_to_cad": null,
            "notes": null,
            "focal_length": "8.5",
            "focal_length_unit": "millimeter",
            "size": null,
            "lens_size_unit": "inch",
            "optimized_wavelength_range": null,
            "wavelength_unit": "nanometer",
            "max_aperture": null
         },
         "filter": {
            "device_type": "Filter",
            "name": null,
            "serial_number": null,
            "manufacturer": {
               "name": "Semrock",
               "abbreviation": null,
               "registry": null,
               "registry_identifier": null
            },
            "model": "FF01-715_LP-25",
            "path_to_cad": null,
            "notes": null,
            "filter_type": "Band pass",
            "diameter": null,
            "width": null,
            "height": null,
            "size_unit": "millimeter",
            "thickness": null,
            "thickness_unit": "millimeter",
            "filter_wheel_index": null,
            "cut_off_wavelength": null,
            "cut_on_wavelength": null,
            "center_wavelength": null,
            "wavelength_unit": "nanometer",
            "description": null
         },
         "position": null
      },
      {
         "camera_assembly_name": "Behavior",
         "camera_target": "Body",
         "camera": {
            "device_type": "Camera",
            "name": "Behavior",
            "serial_number": null,
            "manufacturer": {
               "name": "Allied",
               "abbreviation": null,
               "registry": null,
               "registry_identifier": null
            },
            "model": "G-032",
            "path_to_cad": null,
            "notes": "Max frame rate is at maximum resolution.",
            "data_interface": "Ethernet",
            "computer_name": "127.0.0.1",
            "max_frame_rate": "102",
            "frame_rate_unit": "hertz",
            "pixel_width": 7400,
            "pixel_height": 7400,
            "size_unit": "nanometer",
            "chroma": "Monochrome",
            "sensor_format": null,
            "format_unit": null,
            "recording_software": null,
            "driver": null,
            "driver_version": null
         },
         "lens": {
            "device_type": "Lens",
            "name": null,
            "serial_number": null,
            "manufacturer": {
               "name": "Navitar",
               "abbreviation": null,
               "registry": null,
               "registry_identifier": null
            },
            "model": null,
            "path_to_cad": null,
            "notes": null,
            "focal_length": "6.0",
            "focal_length_unit": "millimeter",
            "size": null,
            "lens_size_unit": "inch",
            "optimized_wavelength_range": null,
            "wavelength_unit": "nanometer",
            "max_aperture": null
         },
         "filter": {
            "device_type": "Filter",
            "name": null,
            "serial_number": null,
            "manufacturer": {
               "name": "Semrock",
               "abbreviation": null,
               "registry": null,
               "registry_identifier": null
            },
            "model": "FF01-747/33-25",
            "path_to_cad": null,
            "notes": null,
            "filter_type": "Band pass",
            "diameter": null,
            "width": null,
            "height": null,
            "size_unit": "millimeter",
            "thickness": null,
            "thickness_unit": "millimeter",
            "filter_wheel_index": null,
            "cut_off_wavelength": null,
            "cut_on_wavelength": null,
            "center_wavelength": null,
            "wavelength_unit": "nanometer",
            "description": null
         },
         "position": null
      },
      {
         "camera_assembly_name": "Eye",
         "camera_target": "Eye",
         "camera": {
            "device_type": "Camera",
            "name": null,
            "serial_number": null,
            "manufacturer": {
               "name": "Allied",
               "abbreviation": null,
               "registry": null,
               "registry_identifier": null
            },
            "model": "G-032",
            "path_to_cad": null,
            "notes": "Max frame rate is at maximum resolution.",
            "data_interface": "Ethernet",
            "computer_name": "127.0.0.1",
            "max_frame_rate": "102",
            "frame_rate_unit": "hertz",
            "pixel_width": 7400,
            "pixel_height": 7400,
            "size_unit": "nanometer",
            "chroma": "Monochrome",
            "sensor_format": null,
            "format_unit": null,
            "recording_software": null,
            "driver": null,
            "driver_version": null
         },
         "lens": {
            "device_type": "Lens",
            "name": null,
            "serial_number": null,
            "manufacturer": {
               "name": "Infinity Photo-Optical",
               "abbreviation": null,
               "registry": null,
               "registry_identifier": null
            },
            "model": "213073",
            "path_to_cad": null,
            "notes": "Model number is SKU.",
            "focal_length": "6.0",
            "focal_length_unit": "millimeter",
            "size": null,
            "lens_size_unit": "inch",
            "optimized_wavelength_range": null,
            "wavelength_unit": "nanometer",
            "max_aperture": null
         },
         "filter": {
            "device_type": "Filter",
            "name": null,
            "serial_number": null,
            "manufacturer": {
               "name": "Semrock",
               "abbreviation": null,
               "registry": null,
               "registry_identifier": null
            },
            "model": "FF01-850/10-25",
            "path_to_cad": null,
            "notes": null,
            "filter_type": "Band pass",
            "diameter": null,
            "width": null,
            "height": null,
            "size_unit": "millimeter",
            "thickness": null,
            "thickness_unit": "millimeter",
            "filter_wheel_index": null,
            "cut_off_wavelength": null,
            "cut_on_wavelength": null,
            "center_wavelength": null,
            "wavelength_unit": "nanometer",
            "description": null
         },
         "position": null
      }
   ],
   "enclosure": null,
   "ephys_assemblies": [
      {
         "ephys_assembly_name": "Ephys Assembly A",
         "manipulator": {
            "device_type": "Manipulator",
            "name": null,
            "serial_number": null,
            "manufacturer": {
               "name": "New Scale Technologies",
               "abbreviation": null,
               "registry": null,
               "registry_identifier": null
            },
            "model": null,
            "path_to_cad": null,
            "notes": null
         },
         "probes": [
            {
               "device_type": "Ephys probe",
               "name": "ProbeA",
               "serial_number": null,
               "manufacturer": null,
               "model": null,
               "path_to_cad": null,
               "notes": null,
               "probe_model": "Neuropixels 1.0",
               "lasers": [],
               "headstage": null
            }
         ]
      },
      {
         "ephys_assembly_name": "Ephys Assembly B",
         "manipulator": {
            "device_type": "Manipulator",
            "name": null,
            "serial_number": null,
            "manufacturer": {
               "name": "New Scale Technologies",
               "abbreviation": null,
               "registry": null,
               "registry_identifier": null
            },
            "model": null,
            "path_to_cad": null,
            "notes": null
         },
         "probes": [
            {
               "device_type": "Ephys probe",
               "name": "ProbeB",
               "serial_number": null,
               "manufacturer": null,
               "model": null,
               "path_to_cad": null,
               "notes": null,
               "probe_model": "Neuropixels 1.0",
               "lasers": [],
               "headstage": null
            }
         ]
      },
      {
         "ephys_assembly_name": "Ephys Assembly C",
         "manipulator": {
            "device_type": "Manipulator",
            "name": null,
            "serial_number": null,
            "manufacturer": {
               "name": "New Scale Technologies",
               "abbreviation": null,
               "registry": null,
               "registry_identifier": null
            },
            "model": null,
            "path_to_cad": null,
            "notes": null
         },
         "probes": [
            {
               "device_type": "Ephys probe",
               "name": "ProbeC",
               "serial_number": null,
               "manufacturer": null,
               "model": null,
               "path_to_cad": null,
               "notes": null,
               "probe_model": "Neuropixels 1.0",
               "lasers": [],
               "headstage": null
            }
         ]
      },
      {
         "ephys_assembly_name": "Ephys Assembly D",
         "manipulator": {
            "device_type": "Manipulator",
            "name": null,
            "serial_number": null,
            "manufacturer": {
               "name": "New Scale Technologies",
               "abbreviation": null,
               "registry": null,
               "registry_identifier": null
            },
            "model": null,
            "path_to_cad": null,
            "notes": null
         },
         "probes": [
            {
               "device_type": "Ephys probe",
               "name": "ProbeD",
               "serial_number": null,
               "manufacturer": null,
               "model": null,
               "path_to_cad": null,
               "notes": null,
               "probe_model": "Neuropixels 1.0",
               "lasers": [],
               "headstage": null
            }
         ]
      },
      {
         "ephys_assembly_name": "Ephys Assembly E",
         "manipulator": {
            "device_type": "Manipulator",
            "name": null,
            "serial_number": null,
            "manufacturer": {
               "name": "New Scale Technologies",
               "abbreviation": null,
               "registry": null,
               "registry_identifier": null
            },
            "model": null,
            "path_to_cad": null,
            "notes": null
         },
         "probes": [
            {
               "device_type": "Ephys probe",
               "name": "ProbeE",
               "serial_number": null,
               "manufacturer": null,
               "model": null,
               "path_to_cad": null,
               "notes": null,
               "probe_model": "Neuropixels 1.0",
               "lasers": [],
               "headstage": null
            }
         ]
      },
      {
         "ephys_assembly_name": "Ephys Assembly F",
         "manipulator": {
            "device_type": "Manipulator",
            "name": null,
            "serial_number": null,
            "manufacturer": {
               "name": "New Scale Technologies",
               "abbreviation": null,
               "registry": null,
               "registry_identifier": null
            },
            "model": null,
            "path_to_cad": null,
            "notes": null
         },
         "probes": [
            {
               "device_type": "Ephys probe",
               "name": "ProbeF",
               "serial_number": null,
               "manufacturer": null,
               "model": null,
               "path_to_cad": null,
               "notes": null,
               "probe_model": "Neuropixels 1.0",
               "lasers": [],
               "headstage": null
            }
         ]
      }
   ],
   "fiber_assemblies": [],
   "stick_microscopes": [],
   "laser_assemblies": [
      {
         "laser_assembly_name": "Laser Assembly #0",
         "manipulator": {
            "device_type": "Manipulator",
            "name": null,
            "serial_number": null,
            "manufacturer": {
               "name": "New Scale Technologies",
               "abbreviation": null,
               "registry": null,
               "registry_identifier": null
            },
            "model": null,
            "path_to_cad": null,
            "notes": null
         },
         "lasers": [
            {
               "device_type": "Laser",
               "name": "Laser #0",
               "serial_number": null,
               "manufacturer": {
                  "name": "Vortran",
                  "abbreviation": null,
                  "registry": null,
                  "registry_identifier": null
               },
               "model": "Stradus 488-50",
               "path_to_cad": null,
               "notes": null,
               "wavelength": 488,
               "wavelength_unit": "nanometer",
               "maximum_power": null,
               "power_unit": "milliwatt",
               "coupling": null,
               "coupling_efficiency": null,
               "coupling_efficiency_unit": "percent",
               "item_number": null
            },
            {
               "device_type": "Laser",
               "name": "Laser #1",
               "serial_number": null,
               "manufacturer": {
                  "name": "Vortran",
                  "abbreviation": null,
                  "registry": null,
                  "registry_identifier": null
               },
               "model": "Stradus 633-80",
               "path_to_cad": null,
               "notes": null,
               "wavelength": 633,
               "wavelength_unit": "nanometer",
               "maximum_power": null,
               "power_unit": "milliwatt",
               "coupling": null,
               "coupling_efficiency": null,
               "coupling_efficiency_unit": "percent",
               "item_number": null
            }
         ]
      }
   ],
   "patch_cords": [],
   "light_sources": [
      {
         "device_type": "Light emitting diode",
         "name": "Face forward LED",
         "serial_number": null,
         "manufacturer": {
            "name": "Other",
            "abbreviation": null,
            "registry": null,
            "registry_identifier": null
         },
         "model": "Osram-LZ4-40R308-0000",
         "path_to_cad": null,
         "notes": null,
         "wavelength": 740,
         "wavelength_unit": "nanometer"
      },
      {
         "device_type": "Light emitting diode",
         "name": "Body LED",
         "serial_number": null,
         "manufacturer": {
            "name": "Other",
            "abbreviation": null,
            "registry": null,
            "registry_identifier": null
         },
         "model": "Osram-LZ4-40R308-0000",
         "path_to_cad": null,
         "notes": null,
         "wavelength": 740,
         "wavelength_unit": "nanometer"
      },
      {
         "device_type": "Light emitting diode",
         "name": "Eye LED",
         "serial_number": null,
         "manufacturer": {
            "name": "Other",
            "abbreviation": null,
            "registry": null,
            "registry_identifier": null
         },
         "model": "LED_Engin_Inc_LZ4-40R608-0000",
         "path_to_cad": null,
         "notes": null,
         "wavelength": 850,
         "wavelength_unit": "nanometer"
      }
   ],
   "detectors": [
      {
         "device_type": "Detector",
         "name": "vsync photodiode",
         "serial_number": null,
         "manufacturer": {
            "name": "Thorlabs",
            "abbreviation": null,
            "registry": {
               "name": "Research Organization Registry",
               "abbreviation": "ROR"
            },
            "registry_identifier": "04gsnvb07"
         },
         "model": "PDA25K",
         "path_to_cad": null,
         "notes": "Data interface is a placeholder. TODO: Add relative position on monitor?",
         "detector_type": "other",
         "data_interface": "USB",
         "cooling": "air",
         "immersion": null,
         "chroma": null,
         "sensor_width": null,
         "sensor_height": null,
         "size_unit": "pixel",
         "bit_depth": null,
         "bin_mode": "none",
         "bin_width": null,
         "bin_height": null,
         "bin_unit": "pixel",
         "gain": null,
         "crop_width": null,
         "crop_height": null,
         "crop_unit": "pixel"
      },
      {
         "device_type": "Detector",
         "name": "microphone",
         "serial_number": null,
         "manufacturer": {
            "name": "Allied",
            "abbreviation": null,
            "registry": null,
            "registry_identifier": null
         },
         "model": "MOM",
         "path_to_cad": null,
         "notes": "Data interface is a placeholder. Actual manufacturer is Dodotronics. Model number is SVC.",
         "detector_type": "other",
         "data_interface": "USB",
         "cooling": "air",
         "immersion": null,
         "chroma": null,
         "sensor_width": null,
         "sensor_height": null,
         "size_unit": "pixel",
         "bit_depth": null,
         "bin_mode": "none",
         "bin_width": null,
         "bin_height": null,
         "bin_unit": "pixel",
         "gain": null,
         "crop_width": null,
         "crop_height": null,
         "crop_unit": "pixel"
      }
   ],
   "objectives": [],
   "filters": [],
   "lenses": [],
   "digital_micromirror_devices": [],
   "polygonal_scanners": [],
   "pockels_cells": [],
   "additional_devices": [],
   "daqs": [
      {
         "device_type": "DAQ Device",
         "name": "Sync",
         "serial_number": null,
         "manufacturer": {
            "name": "National Instruments",
            "abbreviation": null,
            "registry": {
               "name": "Research Organization Registry",
               "abbreviation": "ROR"
            },
            "registry_identifier": "026exqw73"
         },
         "model": "NI-6682",
         "path_to_cad": null,
         "notes": null,
         "data_interface": "PCIe",
         "computer_name": "127.0.0.1",
         "channels": []
      },
      {
         "device_type": "DAQ Device",
         "name": "Behavior",
         "serial_number": null,
         "manufacturer": {
            "name": "National Instruments",
            "abbreviation": null,
            "registry": {
               "name": "Research Organization Registry",
               "abbreviation": "ROR"
            },
            "registry_identifier": "026exqw73"
         },
         "model": "NI-6321",
         "path_to_cad": null,
         "notes": null,
         "data_interface": "USB",
         "computer_name": "127.0.0.1",
         "channels": [
            {
               "channel_name": "solenoid",
               "device_name": "Behavior",
               "channel_type": "Digital Output",
               "port": 0,
               "channel_index": 7,
               "sample_rate": null,
               "sample_rate_unit": "hertz",
               "event_based_sampling": null
            },
            {
               "channel_name": "reward_sound",
               "device_name": "Behavior",
               "channel_type": "Digital Output",
               "port": 2,
               "channel_index": 0,
               "sample_rate": null,
               "sample_rate_unit": "hertz",
               "event_based_sampling": null
            },
            {
               "channel_name": "lick",
               "device_name": "Behavior",
               "channel_type": "Digital Input",
               "port": 0,
               "channel_index": 0,
               "sample_rate": null,
               "sample_rate_unit": "hertz",
               "event_based_sampling": null
            }
         ]
      },
      {
         "device_type": "DAQ Device",
         "name": "BehaviorSync",
         "serial_number": null,
         "manufacturer": {
            "name": "National Instruments",
            "abbreviation": null,
            "registry": {
               "name": "Research Organization Registry",
               "abbreviation": "ROR"
            },
            "registry_identifier": "026exqw73"
         },
         "model": "NI-6001",
         "path_to_cad": null,
         "notes": null,
         "data_interface": "PCIe",
         "computer_name": "127.0.0.1",
         "channels": [
            {
               "channel_name": "stim_frame",
               "device_name": "BehaviorSync",
               "channel_type": "Digital Output",
               "port": 1,
               "channel_index": 4,
               "sample_rate": null,
               "sample_rate_unit": "hertz",
               "event_based_sampling": null
            },
            {
               "channel_name": "stim_running",
               "device_name": "BehaviorSync",
               "channel_type": "Digital Output",
               "port": 1,
               "channel_index": 7,
               "sample_rate": null,
               "sample_rate_unit": "hertz",
               "event_based_sampling": null
            }
         ]
      },
      {
         "device_type": "DAQ Device",
         "name": "Opto",
         "serial_number": null,
         "manufacturer": {
            "name": "National Instruments",
            "abbreviation": null,
            "registry": {
               "name": "Research Organization Registry",
               "abbreviation": "ROR"
            },
            "registry_identifier": "026exqw73"
         },
         "model": "NI-9264",
         "path_to_cad": null,
         "notes": null,
         "data_interface": "Ethernet",
         "computer_name": "127.0.0.1",
         "channels": [
            {
               "channel_name": "Opto #0",
               "device_name": "Opto",
               "channel_type": "Analog Output",
               "port": 0,
               "channel_index": 0,
               "sample_rate": "2000.0",
               "sample_rate_unit": "hertz",
               "event_based_sampling": null
            },
            {
               "channel_name": "Opto #1",
               "device_name": "Opto",
               "channel_type": "Analog Output",
               "port": 0,
               "channel_index": 1,
               "sample_rate": "2000.0",
               "sample_rate_unit": "hertz",
               "event_based_sampling": null
            },
            {
               "channel_name": "Opto #2",
               "device_name": "Opto",
               "channel_type": "Analog Output",
               "port": 0,
               "channel_index": 2,
               "sample_rate": "2000.0",
               "sample_rate_unit": "hertz",
               "event_based_sampling": null
            }
         ]
      }
   ],
   "calibrations": [
      {
         "calibration_date": "2024-01-24T14:06:16.837711",
         "device_name": "Speaker",
         "description": "sound_volume = log(1 - ((dB - c) / a)) / b;dB is sound pressure",
         "input": {},
         "output": {
            "a": 26.532002859656085,
            "b": -2.820908344083334,
            "c": 52.33566140075705
         },
         "notes": "Calibration date is a placeholder. "
      }
   ],
   "ccf_coordinate_transform": null,
   "modalities": [
      {
         "name": "Trained behavior",
         "abbreviation": "trained-behavior"
      },
      {
         "name": "Behavior videos",
         "abbreviation": "behavior-videos"
      }
   ],
   "notes": null
}