{
  "describedBy": "https://raw.githubusercontent.com/AllenNeuralDynamics/aind-data-schema/main/src/aind_data_schema/core/rig.py",
  "schema_version": "0.2.0",
  "rig_id": "NP.2",
  "modification_date": "2023-12-17",
  "mouse_platform": {
    "device_type": "Disc",
    "name": null,
    "serial_number": null,
    "manufacturer": null,
    "model": null,
    "path_to_cad": null,
    "notes": null,
    "surface_material": null,
    "date_surface_replaced": null,
    "radius": "16.5",
    "radius_unit": "centimeter",
    "output": null,
    "encoder": null,
    "decoder": null,
    "encoder_firmware": null
  },
  "stimulus_devices": [
    {
      "device_type": "Monitor",
      "name": "Stim",
      "serial_number": null,
      "manufacturer": {
        "name": "ASUS",
        "abbreviation": null,
        "registry": {
          "name": "Research Organization Registry",
          "abbreviation": "ROR"
        },
        "registry_identifier": "00bxkz165"
      },
      "model": "PA248",
      "path_to_cad": null,
      "notes": null,
      "refresh_rate": 60,
      "width": 1920,
      "height": 1200,
      "size_unit": "pixel",
      "viewing_distance": "10.0",
      "viewing_distance_unit": "centimeter",
      "position": null,
      "contrast": 50,
      "brightness": 37
    },
    {
      "device_type": "Speaker",
      "name": "Speaker",
      "serial_number": null,
      "manufacturer": {
        "name": "ISL Products International",
        "abbreviation": "ISL",
        "registry": null,
        "registry_identifier": null
      },
      "model": null,
      "path_to_cad": null,
      "notes": null,
      "position": null
    }
  ],
  "cameras": [
    {
      "camera_assembly_name": "Face forward",
      "camera_target": "Face forward",
      "camera": {
        "device_type": "Camera",
        "name": "Face forward",
        "serial_number": "50-0536905703",
        "manufacturer": {
          "name": "Allied",
          "abbreviation": null,
          "registry": null,
          "registry_identifier": null
        },
        "model": null,
        "path_to_cad": null,
        "notes": null,
        "data_interface": "Ethernet",
        "computer_name": "localhost",
        "max_frame_rate": "60",
        "frame_rate_unit": "hertz",
        "pixel_width": 658,
        "pixel_height": 492,
        "size_unit": "pixel",
        "chroma": "Monochrome",
        "sensor_format": null,
        "format_unit": null,
        "recording_software": null,
        "driver": null,
        "driver_version": null
      },
      "lens": {
        "device_type": "Lens",
        "name": null,
        "serial_number": null,
        "manufacturer": {
          "name": "Edmund Optics",
          "abbreviation": null,
          "registry": {
            "name": "Research Organization Registry",
            "abbreviation": "ROR"
          },
          "registry_identifier": "01j1gwp17"
        },
        "model": null,
        "path_to_cad": null,
        "notes": "Serial # or model # is 86604.",
        "focal_length": "8.5",
        "focal_length_unit": "millimeter",
        "size": null,
        "lens_size_unit": "inch",
        "optimized_wavelength_range": null,
        "wavelength_unit": "nanometer",
        "max_aperture": null
      },
      "filter": null,
      "position": null
    },
    {
      "camera_assembly_name": "Behavior",
      "camera_target": "Body",
      "camera": {
        "device_type": "Camera",
        "name": "Behavior",
        "serial_number": "50-0536876074",
        "manufacturer": {
          "name": "Allied",
          "abbreviation": null,
          "registry": null,
          "registry_identifier": null
        },
        "model": null,
        "path_to_cad": null,
        "notes": null,
        "data_interface": "Ethernet",
        "computer_name": "localhost",
        "max_frame_rate": "60",
        "frame_rate_unit": "hertz",
        "pixel_width": 658,
        "pixel_height": 492,
        "size_unit": "pixel",
        "chroma": "Monochrome",
        "sensor_format": null,
        "format_unit": null,
        "recording_software": null,
        "driver": null,
        "driver_version": null
      },
      "lens": {
        "device_type": "Lens",
        "name": null,
        "serial_number": null,
        "manufacturer": {
          "name": "Navitar",
          "abbreviation": null,
          "registry": null,
          "registry_identifier": null
        },
        "model": null,
        "path_to_cad": null,
        "notes": null,
        "focal_length": "6.0",
        "focal_length_unit": "millimeter",
        "size": null,
        "lens_size_unit": "inch",
        "optimized_wavelength_range": null,
        "wavelength_unit": "nanometer",
        "max_aperture": null
      },
      "filter": null,
      "position": null
    },
    {
      "camera_assembly_name": "Eye",
      "camera_target": "Eye",
      "camera": {
        "device_type": "Camera",
        "name": null,
        "serial_number": "50-0536905703",
        "manufacturer": {
          "name": "Allied",
          "abbreviation": null,
          "registry": null,
          "registry_identifier": null
        },
        "model": null,
        "path_to_cad": null,
        "notes": null,
        "data_interface": "Ethernet",
        "computer_name": "localhost",
        "max_frame_rate": "60",
        "frame_rate_unit": "hertz",
        "pixel_width": 658,
        "pixel_height": 492,
        "size_unit": "pixel",
        "chroma": "Monochrome",
        "sensor_format": null,
        "format_unit": null,
        "recording_software": null,
        "driver": null,
        "driver_version": null
      },
      "lens": {
        "device_type": "Lens",
        "name": null,
        "serial_number": null,
        "manufacturer": {
          "name": "Infinity Photo-Optical",
          "abbreviation": null,
          "registry": null,
          "registry_identifier": null
        },
        "model": null,
        "path_to_cad": null,
        "notes": null,
        "focal_length": "6.0",
        "focal_length_unit": "millimeter",
        "size": null,
        "lens_size_unit": "inch",
        "optimized_wavelength_range": null,
        "wavelength_unit": "nanometer",
        "max_aperture": null
      },
      "filter": null,
      "position": null
    }
  ],
  "enclosure": null,
  "ephys_assemblies": [
    {
      "ephys_assembly_name": "Ephys Assembly A",
      "manipulator": {
        "device_type": "Manipulator",
        "name": null,
        "serial_number": null,
        "manufacturer": {
          "name": "New Scale Technologies",
          "abbreviation": null,
          "registry": null,
          "registry_identifier": null
        },
        "model": null,
        "path_to_cad": null,
        "notes": null
      },
      "probes": [
        {
          "device_type": "Ephys probe",
          "name": "ProbeA",
          "serial_number": "19192719051",
          "manufacturer": null,
          "model": "Neuropixels 1.0",
          "path_to_cad": null,
          "notes": null,
          "probe_model": "Neuropixels 1.0",
          "lasers": [],
          "headstage": null
        }
      ]
    },
    {
      "ephys_assembly_name": "Ephys Assembly B",
      "manipulator": {
        "device_type": "Manipulator",
        "name": null,
        "serial_number": null,
        "manufacturer": {
          "name": "New Scale Technologies",
          "abbreviation": null,
          "registry": null,
          "registry_identifier": null
        },
        "model": null,
        "path_to_cad": null,
        "notes": null
      },
      "probes": [
        {
          "device_type": "Ephys probe",
          "name": "ProbeB",
          "serial_number": "19192719091",
          "manufacturer": null,
          "model": "Neuropixels 1.0",
          "path_to_cad": null,
          "notes": null,
          "probe_model": "Neuropixels 1.0",
          "lasers": [],
          "headstage": null
        }
      ]
    },
    {
      "ephys_assembly_name": "Ephys Assembly C",
      "manipulator": {
        "device_type": "Manipulator",
        "name": null,
        "serial_number": null,
        "manufacturer": {
          "name": "New Scale Technologies",
          "abbreviation": null,
          "registry": null,
          "registry_identifier": null
        },
        "model": null,
        "path_to_cad": null,
        "notes": null
      },
      "probes": [
        {
          "device_type": "Ephys probe",
          "name": "ProbeC",
          "serial_number": "19192719721",
          "manufacturer": null,
          "model": "Neuropixels 1.0",
          "path_to_cad": null,
          "notes": null,
          "probe_model": "Neuropixels 1.0",
          "lasers": [],
          "headstage": null
        }
      ]
    },
    {
      "ephys_assembly_name": "Ephys Assembly D",
      "manipulator": {
        "device_type": "Manipulator",
        "name": null,
        "serial_number": null,
        "manufacturer": {
          "name": "New Scale Technologies",
          "abbreviation": null,
          "registry": null,
          "registry_identifier": null
        },
        "model": null,
        "path_to_cad": null,
        "notes": null
      },
      "probes": [
        {
          "device_type": "Ephys probe",
          "name": "ProbeD",
          "serial_number": "18005117641",
          "manufacturer": null,
          "model": "Neuropixels 1.0",
          "path_to_cad": null,
          "notes": null,
          "probe_model": "Neuropixels 1.0",
          "lasers": [],
          "headstage": null
        }
      ]
    },
    {
      "ephys_assembly_name": "Ephys Assembly E",
      "manipulator": {
        "device_type": "Manipulator",
        "name": null,
        "serial_number": null,
        "manufacturer": {
          "name": "New Scale Technologies",
          "abbreviation": null,
          "registry": null,
          "registry_identifier": null
        },
        "model": null,
        "path_to_cad": null,
        "notes": null
      },
      "probes": [
        {
          "device_type": "Ephys probe",
          "name": "ProbeE",
          "serial_number": "18005107542",
          "manufacturer": null,
          "model": "Neuropixels 1.0",
          "path_to_cad": null,
          "notes": null,
          "probe_model": "Neuropixels 1.0",
          "lasers": [],
          "headstage": null
        }
      ]
    },
    {
      "ephys_assembly_name": "Ephys Assembly F",
      "manipulator": {
        "device_type": "Manipulator",
        "name": null,
        "serial_number": null,
        "manufacturer": {
          "name": "New Scale Technologies",
          "abbreviation": null,
          "registry": null,
          "registry_identifier": null
        },
        "model": null,
        "path_to_cad": null,
        "notes": null
      },
      "probes": [
        {
          "device_type": "Ephys probe",
          "name": "ProbeF",
          "serial_number": "19192719101",
          "manufacturer": null,
          "model": "Neuropixels 1.0",
          "path_to_cad": null,
          "notes": null,
          "probe_model": "Neuropixels 1.0",
          "lasers": [],
          "headstage": null
        }
      ]
    }
  ],
  "fiber_assemblies": [],
  "stick_microscopes": [],
  "laser_assemblies": [
    {
      "laser_assembly_name": "Laser Assembly #0",
      "manipulator": {
        "device_type": "Manipulator",
        "name": null,
        "serial_number": null,
        "manufacturer": {
          "name": "New Scale Technologies",
          "abbreviation": null,
          "registry": null,
          "registry_identifier": null
        },
        "model": null,
        "path_to_cad": null,
        "notes": null
      },
      "lasers": [
        {
          "device_type": "Laser",
          "name": "Laser",
          "serial_number": null,
          "manufacturer": {
            "name": "Vortran",
            "abbreviation": null,
            "registry": null,
            "registry_identifier": null
          },
          "model": null,
          "path_to_cad": null,
          "notes": null,
          "wavelength": 488,
          "wavelength_unit": "nanometer",
          "maximum_power": null,
          "power_unit": "milliwatt",
          "coupling": null,
          "coupling_efficiency": null,
          "coupling_efficiency_unit": "percent",
          "item_number": null
        },
        {
          "device_type": "Laser",
          "name": "Laser",
          "serial_number": null,
          "manufacturer": {
            "name": "Vortran",
            "abbreviation": null,
            "registry": null,
            "registry_identifier": null
          },
          "model": null,
          "path_to_cad": null,
          "notes": null,
          "wavelength": 633,
          "wavelength_unit": "nanometer",
          "maximum_power": null,
          "power_unit": "milliwatt",
          "coupling": null,
          "coupling_efficiency": null,
          "coupling_efficiency_unit": "percent",
          "item_number": null
        }
      ]
    }
  ],
  "patch_cords": [],
  "light_sources": [
    {
      "device_type": "Light emitting diode",
      "name": "LED #0",
      "serial_number": null,
      "manufacturer": {
        "name": "Other",
        "abbreviation": null,
        "registry": null,
        "registry_identifier": null
      },
      "model": null,
      "path_to_cad": null,
      "notes": "The wavelength value for this LED is unknown and is a placeholder.",
      "wavelength": 1,
      "wavelength_unit": "nanometer"
    },
    {
      "device_type": "Light emitting diode",
      "name": "LED #1",
      "serial_number": null,
      "manufacturer": {
        "name": "Other",
        "abbreviation": null,
        "registry": null,
        "registry_identifier": null
      },
      "model": null,
      "path_to_cad": null,
      "notes": "The wavelength value for this LED is unknown and is a placeholder.",
      "wavelength": 800,
      "wavelength_unit": "nanometer"
    }
  ],
  "detectors": [],
  "objectives": [],
  "filters": [],
  "lenses": [],
  "digital_micromirror_devices": [],
  "polygonal_scanners": [],
  "pockels_cells": [],
  "additional_devices": [],
  "daqs": [
    {
      "device_type": "DAQ Device",
      "name": "Sync",
      "serial_number": null,
      "manufacturer": {
        "name": "National Instruments",
        "abbreviation": null,
        "registry": {
          "name": "Research Organization Registry",
          "abbreviation": "ROR"
        },
        "registry_identifier": "026exqw73"
      },
      "model": null,
      "path_to_cad": null,
      "notes": null,
      "data_interface": "USB",
      "computer_name": "127.0.0.1",
      "channels": [
        {
          "channel_name": "barcode_ephys",
          "device_name": "Sync",
          "channel_type": "Digital Input",
          "port": null,
          "channel_index": 0,
          "sample_rate": "100000.0",
          "sample_rate_unit": "hertz",
          "event_based_sampling": false
        },
        {
          "channel_name": "vsync_stim",
          "device_name": "Sync",
          "channel_type": "Digital Input",
          "port": null,
          "channel_index": 2,
          "sample_rate": "100000.0",
          "sample_rate_unit": "hertz",
          "event_based_sampling": false
        },
        {
          "channel_name": "stim_photodiode",
          "device_name": "Sync",
          "channel_type": "Digital Input",
          "port": null,
          "channel_index": 4,
          "sample_rate": "100000.0",
          "sample_rate_unit": "hertz",
          "event_based_sampling": false
        },
        {
          "channel_name": "stim_running",
          "device_name": "Sync",
          "channel_type": "Digital Input",
          "port": null,
          "channel_index": 5,
          "sample_rate": "100000.0",
          "sample_rate_unit": "hertz",
          "event_based_sampling": false
        },
        {
          "channel_name": "beh_frame_received",
          "device_name": "Sync",
          "channel_type": "Digital Input",
          "port": null,
          "channel_index": 8,
          "sample_rate": "100000.0",
          "sample_rate_unit": "hertz",
          "event_based_sampling": false
        },
        {
          "channel_name": "eye_frame_received",
          "device_name": "Sync",
          "channel_type": "Digital Input",
          "port": null,
          "channel_index": 9,
          "sample_rate": "100000.0",
          "sample_rate_unit": "hertz",
          "event_based_sampling": false
        },
        {
          "channel_name": "face_frame_received",
          "device_name": "Sync",
          "channel_type": "Digital Input",
          "port": null,
          "channel_index": 10,
          "sample_rate": "100000.0",
          "sample_rate_unit": "hertz",
          "event_based_sampling": false
        },
        {
          "channel_name": "stim_running_opto",
          "device_name": "Sync",
          "channel_type": "Digital Input",
          "port": null,
          "channel_index": 17,
          "sample_rate": "100000.0",
          "sample_rate_unit": "hertz",
          "event_based_sampling": false
        },
        {
          "channel_name": "stim_trial_opto",
          "device_name": "Sync",
          "channel_type": "Digital Input",
          "port": null,
          "channel_index": 18,
          "sample_rate": "100000.0",
          "sample_rate_unit": "hertz",
          "event_based_sampling": false
        },
        {
          "channel_name": "beh_cam_frame_readout",
          "device_name": "Sync",
          "channel_type": "Digital Input",
          "port": null,
          "channel_index": 21,
          "sample_rate": "100000.0",
          "sample_rate_unit": "hertz",
          "event_based_sampling": false
        },
        {
          "channel_name": "face_cam_frame_readout",
          "device_name": "Sync",
          "channel_type": "Digital Input",
          "port": null,
          "channel_index": 22,
          "sample_rate": "100000.0",
          "sample_rate_unit": "hertz",
          "event_based_sampling": false
        },
        {
          "channel_name": "eye_cam_frame_readout",
          "device_name": "Sync",
          "channel_type": "Digital Input",
          "port": null,
          "channel_index": 25,
          "sample_rate": "100000.0",
          "sample_rate_unit": "hertz",
          "event_based_sampling": false
        },
        {
          "channel_name": "beh_cam_exposing",
          "device_name": "Sync",
          "channel_type": "Digital Input",
          "port": null,
          "channel_index": 27,
          "sample_rate": "100000.0",
          "sample_rate_unit": "hertz",
          "event_based_sampling": false
        },
        {
          "channel_name": "face_cam_exposing",
          "device_name": "Sync",
          "channel_type": "Digital Input",
          "port": null,
          "channel_index": 28,
          "sample_rate": "100000.0",
          "sample_rate_unit": "hertz",
          "event_based_sampling": false
        },
        {
          "channel_name": "eye_cam_exposing",
          "device_name": "Sync",
          "channel_type": "Digital Input",
          "port": null,
          "channel_index": 29,
          "sample_rate": "100000.0",
          "sample_rate_unit": "hertz",
          "event_based_sampling": false
        },
        {
          "channel_name": "lick_sensor",
          "device_name": "Sync",
          "channel_type": "Digital Input",
          "port": null,
          "channel_index": 31,
          "sample_rate": "100000.0",
          "sample_rate_unit": "hertz",
          "event_based_sampling": false
        }
      ]
    }
  ],
  "calibrations": [
    {
      "calibration_date": "2023-08-02T14:25:17",
      "device_name": "NP.2-Stim",
      "description": "Solenoid water calibration. Standardizes solenoidopen time to volume of water dispensed.",
      "input": {},
      "output": {
        "intercept": 0.0009,
        "slope": 21.6887
      },
      "notes": null
    },
    {
      "calibration_date": "2023-08-17T00:00:00",
      "device_name": "Speaker",
      "description": "Volume calibration. Standardizes sound pressure to system sound level.",
      "input": {
        "raw": "Volume\tSPL (dB)\n0.0\t54.73212135610404\n0.01\t55.235729111221154\n0.02\t54.69724311630707\n0.04\t55.679285972319775\n0.08\t57.4382139079785\n0.16\t61.05483990182518\n0.32\t66.58699790137238\n0.64\t71.72639547109954\n1.0\t75.47701783631696\n\nFit params: dB = a * (1 - exp(volume * b) + c\n24.118209824021775\n-2.1755631173563135\n53.97457894733683\n",
        "measurements": [
          [0.0, 54.73212135610404],
          [0.01, 55.235729111221154],
          [0.02, 54.69724311630707],
          [0.04, 55.679285972319775],
          [0.08, 57.4382139079785],
          [0.16, 61.05483990182518],
          [0.32, 66.58699790137238],
          [0.64, 71.72639547109954],
          [1.0, 75.47701783631696]
        ]
      },
      "output": {
        "curve": "dB = a * (1 - exp(volume * b) + c",
        "parameters": [
          {
            "name": "a",
            "value": 24.118209824021775
          },
          {
            "name": "b",
            "value": -2.1755631173563135
          },
          {
            "name": "c",
            "value": 53.97457894733683
          }
        ]
      },
      "notes": null
    }
  ],
  "ccf_coordinate_transform": null,
  "modalities": [
    {
      "name": "Trained behavior",
      "abbreviation": "trained-behavior"
    },
    {
      "name": "Behavior videos",
      "abbreviation": "behavior-videos"
    }
  ],
  "notes": null
}
